SQL> INSERT INTO DEPARTAMENTO
  2  VALUES(1,'ANALISIS MATEMATICO');

1 row created.

SQL> INSERT INTO DEPARTAMENTO
  2  VALUES(2,'ASTROFISICA');

1 row created.

SQL> INSERT INTO DEPARTAMENTO
  2  VALUES(3,'ESTADISTICA, INVESTIGACION OPERATIVA Y COMPUTACION');

1 row created.

SQL> INSERT INTO DEPARTAMENTO
  2  VALUES(4,'MATEMATICA FUNDAMENTAL');

1 row created.

SQL> INSERT INTO AREA
  2  VALUES(1,'ALGEBRA',4);

1 row created.

SQL> INSERT INTO AREA
  2  VALUES(2,'ANALISIS MATEMATICO',1);

1 row created.

SQL> INSERT INTO AREA
  2  VALUES(3,'ASTRONOMIA Y ASTROFISICA',2);

1 row created.

SQL> INSERT INTO AREA
  2  VALUES(4,'CIENCIAS DE LA COMPUTACION E INTELIGENCIA ARTIFICIAL',3);

1 row created.

SQL> INSERT INTO AREA
  2  VALUES(5,'DIDACTICA DE LA MATEMATICA',1);

1 row created.

SQL> INSERT INTO AREA
  2  VALUES(6,'ESTADISTICA E INVESTIGACION DE LA MATEMATICA OPERATIVA',3);

1 row created.

SQL> INSERT INTO AREA
  2  VALUES(7,'LENGUAJES Y SISTEMAS INFORMATICOS',3);

1 row created.

SQL> INSERT INTO AREA
  2  VALUES(8,'MATEMATICA APLICADA',1);

1 row created.

SQL> INSERT INTO ASIGNATURA
  2  VALUES(1,'BASES DE DATOS','GII',3,7,3,1.5,1.5);

1 row created.

SQL> INSERT INTO ASIGNATURA
  2  VALUES(2,'INTELIGENCIA ARTIFICIAL','GII',3,4,1.5,1.5,3);

1 row created.

SQL> INSERT INTO ASIGNATURA
  2  VALUES(3,'ALMACENES DE DATOS','MII',1,7,1.5,0,1.5);

1 row created.

SQL> INSERT INTO ASIGNATURA
  2  VALUES(4,'MINERIA DE DATOS','MII',1,7,1.5,0,1.5);

1 row created.

SQL> INSERT INTO ASIGNATURA
  2  VALUES(5,'INFORMATICA BASICA','GII',1,7,3,1.5,1.5);

1 row created.

SQL> INSERT INTO ASIGNATURA
  2  VALUES(6,'ALGEBRA','GII',1,1,3,3,0);

1 row created.

SQL> INSERT INTO ASIGNATURA
  2  VALUES(7,'CALCULO','GII',1,8,3,3,0);

1 row created.

SQL> INSERT INTO ASIGNATURA
  2  VALUES(8,'OPTIMIZACION','GII',1,6,3,1.5,1.5);

1 row created.

SQL> INSERT INTO ASIGNATURA
  2  VALUES(9,'GESTION DE RIESGOS','GII',3,4,3,0,3);

1 row created.

SQL> INSERT INTO ASIGNATURA
  2  VALUES(10,'ASTRONOMIA','GF',2,3,3,1.5,1.5);

1 row created.

SQL> INSERT INTO ASIGNATURA
  2  VALUES(11,'ENSENANZA DE LA MATEMATICA','GM',2,5,6,0,0);

1 row created.

SQL> INSERT INTO ASIGNATURA
  2  VALUES(12,'ANALISIS COMPLEJO','GM',4,2,4.5,3,0);

1 row created.

SQL> INSERT INTO AREA
  2  VALUES(1,'ALGEBRA',4);
INSERT INTO AREA
*
ERROR at line 1:
ORA-00001: unique constraint (ALU0100901214.SYS_C00138968) violated 


SQL> INSERT INTO PROFESOR
  2  VALUES(1111,'JUAN',6,'CU');

1 row created.

SQL> INSERT INTO PROFESOR
  2  VALUES(2222,'CARLOS',7,'TU');

1 row created.

SQL> INSERT INTO PROFESOR
  2  VALUES(3333,'PEDRO',4,'TEU');

1 row created.

SQL> INSERT INTO PROFESOR
  2  VALUES(4444,'MARIA',7,'TU');

1 row created.

SQL> INSERT INTO PROFESOR
  2  VALUES(5555,'IVAN',1,'CEU');

1 row created.

SQL> INSERT INTO PROFESOR
  2  VALUES(6666,'CARMEN',3,'CD');

1 row created.

SQL> INSERT INTO PROFESOR
  2  VALUES(7777,'MARIO',2,'TU');

1 row created.

SQL> INSERT INTO PROFESOR
  2  VALUES(8888,'FRANCISCO',5,'TU');

1 row created.

SQL> INSERT INTO PROFESOR
  2  VALUES(9999,'ANGELA',8,'TEU');

1 row created.

SQL> INSERT INTO PROFESOR
  2  VALUES(1010,'DAVID',4,'TU');

1 row created.

SQL> INSERT INTO PROFESOR
  2  VALUES(2020,'SOLEDAD',7,'CU');

1 row created.

SQL> INSERT INTO PROFESOR
  2  VALUES(3030,'JOSE MANUEL',6,'TEU');

1 row created.

SQL> CREATE TABLE AREA
  2  (CAR NUMBER(3) PRIMARY KEY,
  3  AR VARCHAR2(60),
  4  CD NUMBER(2) REFERENCES DEPARTAMENTO ON DELETE CASCADE);
CREATE TABLE AREA
             *
ERROR at line 1:
ORA-00955: name is already used by an existing object 


SQL> INSERT INTO AREA
  2  VALUES(1, 'ALGEBRA', 4);
INSERT INTO AREA
*
ERROR at line 1:
ORA-00001: unique constraint (ALU0100901214.SYS_C00138968) violated 


SQL> INSERT INTO PLAN_DOCENTE
  2  VALUES(4444,1,3,1.5,1.5,'01-SEP-11',NULL);

1 row created.

SQL> INSERT INTO PLAN_DOCENTE
  2  VALUES(4444,4,1.5,0,1.5,'01-SEP-08','31-AUG-10');

1 row created.

SQL> INSERT INTO PLAN_DOCENTE
  2  VALUES(4444,5,3,0,0,'01-SEP-10',NULL);

1 row created.

SQL> INSERT INTO PLAN_DOCENTE
  2  VALUES(1111,8,3,1.5,1.5,'01-SEP-07','31-AUG-09');

1 row created.

SQL> INSERT INTO PLAN_DOCENTE
  2  VALUES(1111,8,3,0,0,'01-SEP-09','NULL');
VALUES(1111,8,3,0,0,'01-SEP-09','NULL')
                                *
ERROR at line 2:
ORA-01858: a non-numeric character was found where a numeric was expected 


SQL> INSERT INTO PLAN_DOCENTE
  2  VALUES(1111,8,3,0,0,'01-SEP-09',NULL);

1 row created.

SQL> INSERT INTO PLAN_DOCENTE
  2  VALUES(3030,8,0,1.5,1.5,'01-SEP-09',NULL);

1 row created.

SQL> INSERT INTO PLAN_DOCENTE
  2  VALUES(2222,4,1.5,0,1.5,'01-SEP-09',NULL);

1 row created.

SQL> INSERT INTO PLAN_DOCENTE
  2  VALUES(2222,3,1.5,0,1.5,'01-SEP-06','31-AUG-07');

1 row created.

SQL> INSERT INTO PLAN_DOCENTE
  2  VALUES(1010,2,1.5,1.5,3,'01-SEP-06','31-AUG-08');

1 row created.

SQL> INSERT INTO PLAN_DOCENTE
  2  VALUES(3333,2,1.5,1.5,3,'01-SEP-08',NULL);

1 row created.

SQL> INSERT INTO PLAN_DOCENTE
  2  VALUES(1010,9,3,0,3,'01-SEP-08','31-AUG-09');

1 row created.

SQL> INSERT INTO PLAN_DOCENTE
  2  VALUES(1010,9,1.5,0,1.5,'01-SEP-09',NULL);

1 row created.

SQL> INSERT INTO PLAN_DOCENTE
  2  VALUES(9999,7,3,3,0,'01-SEP-10',NULL);

1 row created.

SQL> INSERT INTO PLAN_DOCENTE
  2  VALUES(5555,6,3,3,0,'31-MAR-10',NULL);

1 row created.

SQL> INSERT INTO PLAN_DOCENTE
  2  VALUES(6666,10,3,1.5,1.5,'01-SEP-08','31-AUG-11');

1 row created.

SQL> INSERT INTO PLAN_DOCENTE
  2  VALUES(8888,11,6,0,0,'01-SEP-09',NULL);

1 row created.

SQL> INSERT INTO PLAN_DOCENTE
  2  VALUES(2020,3,1.5,0,1.5,'01-SEP-08',NULL);

1 row created.

SQL> INSERT INTO PLAN_DOCENTE
  2  VALUES(7777,12,4.5,3,0,'01-SEP-10',NULL);

1 row created.

SQL> INSERT INTO PLAN_DOCENTE
  2  VALUES(3333,9,1.5,0,1.5,'01-SEP-09',NULL);

1 row created.

SQL> SELECT CD,D
  2  FROM DEPARTAMENTO;

        CD D                                                                    
---------- ------------------------------------------------------------         
         1 ANALISIS MATEMATICO                                                  
         2 ASTROFISICA                                                          
         3 ESTADISTICA, INVESTIGACION OPERATIVA Y COMPUTACION                   
         4 MATEMATICA FUNDAMENTAL                                               

SQL> SELECT DNI,P,CAR,CAT
  2  FROM PROFESOR;

       DNI P                                                                    
---------- ------------------------------------------------------------         
       CAR CAT                                                                  
---------- -----                                                                
      1111 JUAN                                                                 
         6 CU                                                                   
                                                                                
      2222 CARLOS                                                               
         7 TU                                                                   
                                                                                
      3333 PEDRO                                                                
         4 TEU                                                                  
                                                                                

       DNI P                                                                    
---------- ------------------------------------------------------------         
       CAR CAT                                                                  
---------- -----                                                                
      4444 MARIA                                                                
         7 TU                                                                   
                                                                                
      5555 IVAN                                                                 
         1 CEU                                                                  
                                                                                
      6666 CARMEN                                                               
         3 CD                                                                   
                                                                                

       DNI P                                                                    
---------- ------------------------------------------------------------         
       CAR CAT                                                                  
---------- -----                                                                
      7777 MARIO                                                                
         2 TU                                                                   
                                                                                
      8888 FRANCISCO                                                            
         5 TU                                                                   
                                                                                
      9999 ANGELA                                                               
         8 TEU                                                                  
                                                                                

       DNI P                                                                    
---------- ------------------------------------------------------------         
       CAR CAT                                                                  
---------- -----                                                                
      1010 DAVID                                                                
         4 TU                                                                   
                                                                                
      2020 SOLEDAD                                                              
         7 CU                                                                   
                                                                                
      3030 JOSE MANUEL                                                          
         6 TEU                                                                  
                                                                                

12 rows selected.

SQL> SELECT CAS,A,T,CUR,CAR,CT,CP,CL
  2  FROM ASIGNATURA;

       CAS A                                                  T           CUR   
---------- -------------------------------------------------- ---- ----------   
       CAR         CT         CP         CL                                     
---------- ---------- ---------- ----------                                     
         1 BASES DE DATOS                                     GII           3   
         7          3        1.5        1.5                                     
                                                                                
         2 INTELIGENCIA ARTIFICIAL                            GII           3   
         4        1.5        1.5          3                                     
                                                                                
         3 ALMACENES DE DATOS                                 MII           1   
         7        1.5          0        1.5                                     
                                                                                

       CAS A                                                  T           CUR   
---------- -------------------------------------------------- ---- ----------   
       CAR         CT         CP         CL                                     
---------- ---------- ---------- ----------                                     
         4 MINERIA DE DATOS                                   MII           1   
         7        1.5          0        1.5                                     
                                                                                
         5 INFORMATICA BASICA                                 GII           1   
         7          3        1.5        1.5                                     
                                                                                
         6 ALGEBRA                                            GII           1   
         1          3          3          0                                     
                                                                                

       CAS A                                                  T           CUR   
---------- -------------------------------------------------- ---- ----------   
       CAR         CT         CP         CL                                     
---------- ---------- ---------- ----------                                     
         7 CALCULO                                            GII           1   
         8          3          3          0                                     
                                                                                
         8 OPTIMIZACION                                       GII           1   
         6          3        1.5        1.5                                     
                                                                                
         9 GESTION DE RIESGOS                                 GII           3   
         4          3          0          3                                     
                                                                                

       CAS A                                                  T           CUR   
---------- -------------------------------------------------- ---- ----------   
       CAR         CT         CP         CL                                     
---------- ---------- ---------- ----------                                     
        10 ASTRONOMIA                                         GF            2   
         3          3        1.5        1.5                                     
                                                                                
        11 ENSENANZA DE LA MATEMATICA                         GM            2   
         5          6          0          0                                     
                                                                                
        12 ANALISIS COMPLEJO                                  GM            4   
         2        4.5          3          0                                     
                                                                                

12 rows selected.

SQL> SELECT DNI,CAS,CTA,CPA,CLA,FI,FF
  2  FROM PLAN_DOCENTE
  3  ;

       DNI        CAS        CTA        CPA        CLA FI        FF             
---------- ---------- ---------- ---------- ---------- --------- ---------      
      4444          1          3        1.5        1.5 01-SEP-11                
      4444          4        1.5          0        1.5 01-SEP-08 31-AUG-10      
      4444          5          3          0          0 01-SEP-10                
      1111          8          3        1.5        1.5 01-SEP-07 31-AUG-09      
      1111          8          3          0          0 01-SEP-09                
      3030          8          0        1.5        1.5 01-SEP-09                
      2222          4        1.5          0        1.5 01-SEP-09                
      2222          3        1.5          0        1.5 01-SEP-06 31-AUG-07      
      1010          2        1.5        1.5          3 01-SEP-06 31-AUG-08      
      3333          2        1.5        1.5          3 01-SEP-08                
      1010          9          3          0          3 01-SEP-08 31-AUG-09      

       DNI        CAS        CTA        CPA        CLA FI        FF             
---------- ---------- ---------- ---------- ---------- --------- ---------      
      1010          9        1.5          0        1.5 01-SEP-09                
      9999          7          3          3          0 01-SEP-10                
      5555          6          3          3          0 31-MAR-10                
      6666         10          3        1.5        1.5 01-SEP-08 31-AUG-11      
      8888         11          6          0          0 01-SEP-09                
      2020          3        1.5          0        1.5 01-SEP-08                
      7777         12        4.5          3          0 01-SEP-10                
      3333          9        1.5          0        1.5 01-SEP-09                

19 rows selected.

SQL> DROP TABLE AREA
  2  ;
DROP TABLE AREA
           *
ERROR at line 1:
ORA-02449: unique/primary keys in table referenced by foreign keys 


SQL> DROP TABLE AREA CASCADE CONTRAINTS;
DROP TABLE AREA CASCADE CONTRAINTS
                        *
ERROR at line 1:
ORA-00905: missing keyword 


SQL> DROP TABLE AREA CASCADE CONSTRAINTS;

Table dropped.

SQL> CREATE TABLE AREA
  2  (CAR NUMBER(3) PRIMARY KEY,
  3  AR VARCHAR2(60),
  4  CD NUMBER(2) REFERENCES DEPARTAMENTO ON DELETE CASCADE);

Table created.

SQL> INSERT INTO AREA
  2  VALUES(1,'ALGEBRA',4);

1 row created.

SQL> INSERT INTO AREA
  2  VALUES(2,'ANALISIS MATEMATICO',1);

1 row created.

SQL> INSERT INTO AREA
  2  ;

*
ERROR at line 2:
ORA-00926: missing VALUES keyword 


SQL> 
SQL> SELECT CAR,AR,CD
  2  FROM AREA;

       CAR AR                                                                   
---------- ------------------------------------------------------------         
        CD                                                                      
----------                                                                      
         1 ALGEBRA                                                              
         4                                                                      
                                                                                
         2 ANALISIS MATEMATICO                                                  
         1                                                                      
                                                                                

SQL> INSERT INTO AREA
  2  VALUES(3,'ASTRONOMIA Y ASTROFISICA',2);

1 row created.

SQL> INSERT INTO AREA
  2  VALUES(4,'CIENCIAS DE LA COMPUTACION E INTELIGENCIA ARTIFICIAL',3);

1 row created.

SQL> INSERT INTO AREA
  2  VALUES(5,'DIDACTICA DE LA MATEMATICA',1);

1 row created.

SQL> INSERT INTO AREA
  2  VALUES(6,'ESTADISTICA E INVESTIGACION OPERATIVA',3);

1 row created.

SQL> INSERT INTO AREA
  2  VALUES(7,'LENGUAJES Y SISTEMAS INFORMATICOS',3);

1 row created.

SQL> INSERT INTO AREA
  2  VALUES(8,'MATEMATICA APLICADA',1);

1 row created.

SQL> SELECT CAR,AR,CD
  2  FROM AREA;

       CAR AR                                                                   
---------- ------------------------------------------------------------         
        CD                                                                      
----------                                                                      
         1 ALGEBRA                                                              
         4                                                                      
                                                                                
         2 ANALISIS MATEMATICO                                                  
         1                                                                      
                                                                                
         3 ASTRONOMIA Y ASTROFISICA                                             
         2                                                                      
                                                                                

       CAR AR                                                                   
---------- ------------------------------------------------------------         
        CD                                                                      
----------                                                                      
         4 CIENCIAS DE LA COMPUTACION E INTELIGENCIA ARTIFICIAL                 
         3                                                                      
                                                                                
         5 DIDACTICA DE LA MATEMATICA                                           
         1                                                                      
                                                                                
         6 ESTADISTICA E INVESTIGACION OPERATIVA                                
         3                                                                      
                                                                                

       CAR AR                                                                   
---------- ------------------------------------------------------------         
        CD                                                                      
----------                                                                      
         7 LENGUAJES Y SISTEMAS INFORMATICOS                                    
         3                                                                      
                                                                                
         8 MATEMATICA APLICADA                                                  
         1                                                                      
                                                                                

8 rows selected.

SQL> SPOOL OFF
